Windows PowerShell
Copyright (C) Microsoft Corporation. All rights reserved.

Install the latest PowerShell for new features and improvements! https://aka.ms/PSWindows

PS C:\WINDOWS\system32> cd C:\Users\arkas\Desktop\Django_group_project\hit237_building_software
PS C:\Users\arkas\Desktop\Django_group_project\hit237_building_software> mkdir hit237_project


    Directory: C:\Users\arkas\Desktop\Django_group_project\hit237_building_software


Mode                 LastWriteTime         Length Name
----                 -------------         ------ ----
d-----         11/4/2025   7:05 pm                hit237_project


PS C:\Users\arkas\Desktop\Django_group_project\hit237_building_software> cd hit237_project
PS C:\Users\arkas\Desktop\Django_group_project\hit237_building_software\hit237_project> virtualenv env_mango
created virtual environment CPython3.13.2.final.0-64 in 1136ms
  creator CPython3Windows(dest=C:\Users\arkas\Desktop\Django_group_project\hit237_building_software\hit237_project\env_mango, clear=False, no_vcs_ignore=False, global=False)
  seeder FromAppData(download=False, pip=bundle, via=copy, app_data_dir=C:\Users\arkas\AppData\Local\pypa\virtualenv)
    added seed packages: pip==25.0.1
  activators BashActivator,BatchActivator,FishActivator,NushellActivator,PowerShellActivator,PythonActivator
PS C:\Users\arkas\Desktop\Django_group_project\hit237_building_software\hit237_project> .\env_mango\Scripts\activate.ps1
(env_mango) PS C:\Users\arkas\Desktop\Django_group_project\hit237_building_software\hit237_project> pip install django
Collecting django
  Using cached Django-5.2-py3-none-any.whl.metadata (4.1 kB)
Collecting asgiref>=3.8.1 (from django)
  Using cached asgiref-3.8.1-py3-none-any.whl.metadata (9.3 kB)
Collecting sqlparse>=0.3.1 (from django)
  Using cached sqlparse-0.5.3-py3-none-any.whl.metadata (3.9 kB)
Collecting tzdata (from django)
  Using cached tzdata-2025.2-py2.py3-none-any.whl.metadata (1.4 kB)
Using cached Django-5.2-py3-none-any.whl (8.3 MB)
Using cached asgiref-3.8.1-py3-none-any.whl (23 kB)
Using cached sqlparse-0.5.3-py3-none-any.whl (44 kB)
Using cached tzdata-2025.2-py2.py3-none-any.whl (347 kB)
Installing collected packages: tzdata, sqlparse, asgiref, django
Successfully installed asgiref-3.8.1 django-5.2 sqlparse-0.5.3 tzdata-2025.2
(env_mango) PS C:\Users\arkas\Desktop\Django_group_project\hit237_building_software\hit237_project> django-admin startproject mango_proj
(env_mango) PS C:\Users\arkas\Desktop\Django_group_project\hit237_building_software\hit237_project> cd mango_proj
(env_mango) PS C:\Users\arkas\Desktop\Django_group_project\hit237_building_software\hit237_project\mango_proj> python manage.py migrate
Operations to perform:
  Apply all migrations: admin, auth, contenttypes, sessions
Running migrations:
  Applying contenttypes.0001_initial... OK
  Applying auth.0001_initial... OK
  Applying admin.0001_initial... OK
  Applying admin.0002_logentry_remove_auto_add... OK
  Applying admin.0003_logentry_add_action_flag_choices... OK
  Applying contenttypes.0002_remove_content_type_name... OK
  Applying auth.0002_alter_permission_name_max_length... OK
  Applying auth.0003_alter_user_email_max_length... OK
  Applying auth.0004_alter_user_username_opts... OK
  Applying auth.0005_alter_user_last_login_null... OK
  Applying auth.0006_require_contenttypes_0002... OK
  Applying auth.0007_alter_validators_add_error_messages... OK
  Applying auth.0008_alter_user_username_max_length... OK
  Applying auth.0009_alter_user_last_name_max_length... OK
  Applying auth.0010_alter_group_name_max_length... OK
  Applying auth.0011_update_proxy_permissions... OK
  Applying auth.0012_alter_user_first_name_max_length... OK
  Applying sessions.0001_initial... OK
(env_mango) PS C:\Users\arkas\Desktop\Django_group_project\hit237_building_software\hit237_project\mango_proj> python manage.py runserver
Watching for file changes with StatReloader
Performing system checks...

System check identified no issues (0 silenced).
April 11, 2025 - 19:11:56
Django version 5.2, using settings 'mango_proj.settings'
Starting development server at http://127.0.0.1:8000/
Quit the server with CTRL-BREAK.

WARNING: This is a development server. Do not use it in a production setting. Use a production WSGI or ASGI server instead.
For more information on production servers see: https://docs.djangoproject.com/en/5.2/howto/deployment/
[11/Apr/2025 19:12:06] "GET / HTTP/1.1" 200 12068
Not Found: /favicon.ico
[11/Apr/2025 19:12:11] "GET /favicon.ico HTTP/1.1" 404 2212
(env_mango) PS C:\Users\arkas\Desktop\Django_group_project\hit237_building_software\hit237_project\mango_proj> deactivate
PS C:\Users\arkas\Desktop\Django_group_project\hit237_building_software\hit237_project\mango_proj>
PS C:\Users\arkas\Desktop\Django_group_project\hit237_building_software\hit237_project\mango_proj> cd C:\Users\arkas\Desktop\Django_group_project\hit237_building_software\hit237_project
PS C:\Users\arkas\Desktop\Django_group_project\hit237_building_software\hit237_project> .\env_mango\Scripts\activate.ps1
(env_mango) PS C:\Users\arkas\Desktop\Django_group_project\hit237_building_software\hit237_project> cd mango_proj
(env_mango) PS C:\Users\arkas\Desktop\Django_group_project\hit237_building_software\hit237_project\mango_proj> python manage.py startapp mango_pests
(env_mango) PS C:\Users\arkas\Desktop\Django_group_project\hit237_building_software\hit237_project\mango_proj> mkdir mango_pests\templates\mango_pests